$ pnpm run build
# cwd /srv/verdicts/budget_app_2/clones/head


> app@0.1.0 build /srv/verdicts/budget_app_2/clones/head
> next build

[baseline-browser-mapping] The data in this module is over two months old.  To ensure accurate Baseline data, please update: `npm i baseline-browser-mapping@latest -D`
⚠ No build cache found. Please configure build caching for faster rebuilds. Read more: https://nextjs.org/docs/messages/no-cache
   ▲ Next.js 16.0.1 (Turbopack)

   Creating an optimized production build ...
[baseline-browser-mapping] The data in this module is over two months old.  To ensure accurate Baseline data, please update: `npm i baseline-browser-mapping@latest -D`
[baseline-browser-mapping] The data in this module is over two months old.  To ensure accurate Baseline data, please update: `npm i baseline-browser-mapping@latest -D`
Browserslist: browsers data (caniuse-lite) is 11 months old. Please run:
  npx update-browserslist-db@latest
  Why you should do it regularly: https://github.com/browserslist/update-db#readme
 ✓ Compiled successfully in 8.7s
   Running TypeScript ...
   Collecting page data ...
[baseline-browser-mapping] The data in this module is over two months old.  To ensure accurate Baseline data, please update: `npm i baseline-browser-mapping@latest -D`
[baseline-browser-mapping] The data in this module is over two months old.  To ensure accurate Baseline data, please update: `npm i baseline-browser-mapping@latest -D`
[baseline-browser-mapping] The data in this module is over two months old.  To ensure accurate Baseline data, please update: `npm i baseline-browser-mapping@latest -D`
Error: NEXT_PUBLIC_SUPABASE_URL is not defined
    at module evaluation (.next/server/chunks/_9858d073._.js:34:47445)
    at instantiateModule (.next/server/chunks/[turbopack]_runtime.js:715:9)
    at getOrInstantiateModuleFromParent (.next/server/chunks/[turbopack]_runtime.js:738:12)
    at Context.esmImport [as i] (.next/server/chunks/[turbopack]_runtime.js:228:20)
    at module evaluation (.next/server/chunks/[root-of-the-server]__99278d40._.js:1:1277)
    at instantiateModule (.next/server/chunks/[turbopack]_runtime.js:715:9)
    at instantiateRuntimeModule (.next/server/chunks/[turbopack]_runtime.js:743:12)
    at getOrInstantiateRuntimeModule (.next/server/chunks/[turbopack]_runtime.js:756:12)
    at Object.m (.next/server/chunks/[turbopack]_runtime.js:765:18)
    at Object.<anonymous> (.next/server/app/api/receipts/jobs/[jobId]/route.js:6:3)
Error: NEXT_PUBLIC_SUPABASE_URL is not defined
    at module evaluation (.next/server/chunks/_9858d073._.js:34:47445)
    at instantiateModule (.next/server/chunks/[turbopack]_runtime.js:715:9)
    at getOrInstantiateModuleFromParent (.next/server/chunks/[turbopack]_runtime.js:738:12)
    at Context.esmImport [as i] (.next/server/chunks/[turbopack]_runtime.js:228:20)
    at module evaluation (.next/server/chunks/[root-of-the-server]__99278d40._.js:1:1277)
    at instantiateModule (.next/server/chunks/[turbopack]_runtime.js:715:9)
    at instantiateRuntimeModule (.next/server/chunks/[turbopack]_runtime.js:743:12)
    at getOrInstantiateRuntimeModule (.next/server/chunks/[turbopack]_runtime.js:756:12)
    at Object.m (.next/server/chunks/[turbopack]_runtime.js:765:18)
    at Object.<anonymous> (.next/server/app/api/receipts/jobs/[jobId]/route.js:6:3)

> Build error occurred
Error: Failed to collect page data for /api/receipts/jobs/[jobId]
    at ignore-listed frames {
  type: 'Error'
}
 ELIFECYCLE  Command failed with exit code 1.

# code 1 signal null délai false 18784 ms
